[dappersa.co.za/index.html]
[backblue.gif]
[fade.gif]
[index.html]
[dappersa.co.za/assets/img/favicon.ico]
[dappersa.co.za/assets/css/bootstrap.min.css]
[dappersa.co.za/assets/css/font-awesome.min.css]
[dappersa.co.za/assets/css/pe-icon-7-stroke.css]
[dappersa.co.za/assets/css/swiper.min.css]
[dappersa.co.za/assets/css/fancybox.min.css]
[dappersa.co.za/assets/css/aos.min.css]
[dappersa.co.za/assets/css/style.css]
[maxcdn.bootstrapcdn.com/font-awesome/4.5.0/css/font-awesome.min.css]
[dappersa.co.za/index-2.html]
[dappersa.co.za/assets/img/slider/main_logo.png]
[dappersa.co.za/about-us.html]
[dappersa.co.za/shop.html]
[dappersa.co.za/contact.html]
[dappersa.co.za/assets/img/slider/ShoesOnly.png]
[dappersa.co.za/assets/img/shape/3.webp]
[dappersa.co.za/assets/img/slider/founderPoster_crop.png]
[dappersa.co.za/assets/img/slider/red_white.png]
[dappersa.co.za/assets/img/slider/turquios.png]
[dappersa.co.za/assets/img/slider/red.png]
[dappersa.co.za/assets/img/slider/brown.png]
[dappersa.co.za/assets/img/slider/dapper_logo_1__bg-red.png]
[dappersa.co.za/assets/img/shop/product-single/1.webp]
[dappersa.co.za/single-product.html]
[dappersa.co.za/assets/img/shop/product-mini/1.webp]
[dappersa.co.za/assets/img/shop/product-mini/2.webp]
[dappersa.co.za/shop-cart.html]
[dappersa.co.za/shop-checkout.html]
[dappersa.co.za/assets/img/photos/paypal.webp]
[dappersa.co.za/index-two.html]
[dappersa.co.za/account.html]
[dappersa.co.za/account-login.html]
[dappersa.co.za/account-register.html]
[dappersa.co.za/page-not-found.html]
[dappersa.co.za/shop-three-columns.html]
[dappersa.co.za/shop-four-columns.html]
[dappersa.co.za/shop-right-sidebar.html]
[dappersa.co.za/single-normal-product.html]
[dappersa.co.za/single-group-product.html]
[dappersa.co.za/single-affiliate-product.html]
[dappersa.co.za/shop-wishlist.html]
[dappersa.co.za/shop-compare.html]
[dappersa.co.za/blog.html]
[dappersa.co.za/blog-left-sidebar.html]
[dappersa.co.za/blog-right-sidebar.html]
[dappersa.co.za/blog-details-no-sidebar.html]
[dappersa.co.za/blog-details-left-sidebar.html]
[dappersa.co.za/blog-details.html]
[dappersa.co.za/assets/js/modernizr.js]
[dappersa.co.za/assets/js/jquery-main.js]
[dappersa.co.za/assets/js/jquery-migrate.js]
[dappersa.co.za/assets/js/popper.min.js]
[dappersa.co.za/assets/js/bootstrap.min.js]
[dappersa.co.za/assets/js/jquery-ui.min.js]
[dappersa.co.za/assets/js/swiper.min.js]
[dappersa.co.za/assets/js/fancybox.min.js]
[dappersa.co.za/assets/js/waypoint.js]
[dappersa.co.za/assets/js/parallax.min.js]
[dappersa.co.za/assets/js/aos.min.js]
[dappersa.co.za/assets/js/custom.js]
[dappersa.co.za/index.html]
[dappersa.co.za/assets/css/bootstrap.min.css]
[dappersa.co.za/assets/fonts/fontawesome-webfont3e6e.eot]
[dappersa.co.za/assets/fonts/fontawesome-webfontd41d.eot]
[dappersa.co.za/assets/fonts/fontawesome-webfont3e6e.woff2]
[dappersa.co.za/assets/fonts/fontawesome-webfont3e6e.woff]
[dappersa.co.za/assets/css/font-awesome.min.css]
[dappersa.co.za/assets/fonts/Pe-icon-7-strokebb1d.eot]
[dappersa.co.za/assets/fonts/fontawesome-webfont3e6e.svg]
[dappersa.co.za/assets/fonts/fontawesome-webfont3e6e.ttf]
[dappersa.co.za/assets/fonts/Pe-icon-7-strokebb1d.woff]
[dappersa.co.za/assets/fonts/Pe-icon-7-stroked41d.eot]
[dappersa.co.za/assets/fonts/Pe-icon-7-strokebb1d.ttf]
[dappersa.co.za/assets/css/pe-icon-7-stroke.css]
[dappersa.co.za/assets/css/swiper.min.css]
[dappersa.co.za/assets/css/fancybox.min.css]
[dappersa.co.za/assets/css/aos.min.css]
[dappersa.co.za/assets/fonts/Pe-icon-7-strokebb1d.svg]
[dappersa.co.za/assets/img/icons/cancel-white.webp]
[dappersa.co.za/assets/img/icons/arrow.webp]
[dappersa.co.za/assets/img/icons/bottom-arrow.webp]
[dappersa.co.za/assets/img/icons/qcv-arrow-down.webp]
[dappersa.co.za/assets/css/style.css]
[maxcdn.bootstrapcdn.com/font-awesome/4.5.0/css/font-awesome.min.css]
[dappersa.co.za/index-2.html]
[dappersa.co.za/assets/img/slider/redDrapper_crop.jpg]
[dappersa.co.za/assets/img/slider/FounderPoster3.png]
[dappersa.co.za/assets/img/icons/quote1.webp]
[dappersa.co.za/assets/img/shape/10.webp]
[dappersa.co.za/assets/img/shape/11.webp]
[dappersa.co.za/assets/img/shape/12.webp]
[dappersa.co.za/assets/img/shape/17.webp]
[dappersa.co.za/about-us.html]
[dappersa.co.za/assets/img/slider/red_side.png]
[dappersa.co.za/assets/img/slider/redWhit_side.png]
[dappersa.co.za/assets/img/slider/turq_side.png]
[dappersa.co.za/assets/img/slider/brown_side.png]
[dappersa.co.za/shop.html]
[dappersa.co.za/assets/img/shape/13.webp]
[dappersa.co.za/assets/img/shape/15.webp]
[dappersa.co.za/assets/img/shape/16.webp]
[dappersa.co.za/assets/img/icons/c1.webp]
[dappersa.co.za/assets/img/icons/c2.webp]
[dappersa.co.za/assets/img/icons/c3.webp]
[dappersa.co.za/contact.html]
[dappersa.co.za/_assets/img/slider/image1.html]
[dappersa.co.za/_assets/img/slider/image2.html]
[dappersa.co.za/_assets/img/slider/image3.html]
[dappersa.co.za/assets/img/photos/payment-card.webp]
[dappersa.co.za/single-product.html]
[dappersa.co.za/assets/img/shop/product-mini/3.webp]
[dappersa.co.za/shop-cart.html]
[dappersa.co.za/assets/img/photos/paypal2.webp]
[dappersa.co.za/shop-checkout.html]
[dappersa.co.za/assets/img/logo.webp]
[dappersa.co.za/assets/img/logo-light.webp]
[dappersa.co.za/assets/img/shop/1.webp]
[dappersa.co.za/assets/img/shop/2.webp]
[dappersa.co.za/assets/img/shop/3.webp]
[dappersa.co.za/assets/img/shop/4.webp]
[dappersa.co.za/assets/img/shop/5.webp]
[dappersa.co.za/assets/img/shop/6.webp]
[dappersa.co.za/assets/img/shop/7.webp]
[dappersa.co.za/assets/img/shop/8.webp]
[dappersa.co.za/assets/img/photos/divider1.webp]
[dappersa.co.za/assets/img/shape/4.webp]
[dappersa.co.za/assets/img/shape/5.webp]
[dappersa.co.za/assets/img/icons/1.webp]
[dappersa.co.za/assets/img/icons/2.webp]
[dappersa.co.za/assets/img/icons/3.webp]
[dappersa.co.za/assets/img/icons/4.webp]
[dappersa.co.za/assets/img/shape/6.webp]
[dappersa.co.za/assets/img/shape/7.webp]
[dappersa.co.za/assets/img/shape/8.webp]
[dappersa.co.za/assets/img/shape/9.webp]
[dappersa.co.za/assets/img/testimonial/1.webp]
[dappersa.co.za/assets/img/testimonial/2.webp]
[dappersa.co.za/index-two.html]
[dappersa.co.za/account.html]
[dappersa.co.za/account-login.html]
[dappersa.co.za/account-register.html]
[dappersa.co.za/page-not-found.html]
[dappersa.co.za/assets/img/shop/three-column/1.webp]
[dappersa.co.za/assets/img/shop/three-column/2.webp]
[dappersa.co.za/assets/img/shop/three-column/3.webp]
[dappersa.co.za/assets/img/shop/three-column/4.webp]
[dappersa.co.za/assets/img/shop/three-column/5.webp]
[dappersa.co.za/assets/img/shop/three-column/6.webp]
[dappersa.co.za/assets/img/shop/list-1.webp]
[dappersa.co.za/assets/img/shop/list-2.webp]
[dappersa.co.za/assets/img/shop/list-3.webp]
[dappersa.co.za/assets/img/shop/list-4.webp]
[dappersa.co.za/assets/img/shop/list-5.webp]
[dappersa.co.za/assets/img/shop/list-6.webp]
[dappersa.co.za/shop-three-columns.html]
[dappersa.co.za/shop-four-columns.html]
[dappersa.co.za/shop-right-sidebar.html]
[dappersa.co.za/assets/img/shop/product-single/2.webp]
[dappersa.co.za/assets/img/shop/product-single/3.webp]
[dappersa.co.za/assets/img/shop/product-single/4.webp]
[dappersa.co.za/assets/img/shop/product-single/5.webp]
[dappersa.co.za/assets/img/shop/product-single/nav-1.webp]
[dappersa.co.za/assets/img/shop/product-single/nav-2.webp]
[dappersa.co.za/assets/img/shop/product-single/nav-3.webp]
[dappersa.co.za/assets/img/shop/product-single/nav-4.webp]
[dappersa.co.za/assets/img/shop/product-single/nav-5.webp]
[dappersa.co.za/single-normal-product.html]
[dappersa.co.za/assets/img/shop/product-single/group1.webp]
[dappersa.co.za/assets/img/shop/product-single/group2.webp]
[dappersa.co.za/single-group-product.html]
[dappersa.co.za/single-affiliate-product.html]
[dappersa.co.za/shop-wishlist.html]
[dappersa.co.za/shop-compare.html]
[dappersa.co.za/assets/img/blog/1.webp]
[dappersa.co.za/assets/img/blog/2.webp]
[dappersa.co.za/assets/img/blog/3.webp]
[dappersa.co.za/assets/img/blog/4.webp]
[dappersa.co.za/assets/img/blog/5.webp]
[dappersa.co.za/assets/img/blog/6.webp]
[dappersa.co.za/blog.html]
[dappersa.co.za/assets/img/blog/7.webp]
[dappersa.co.za/assets/img/blog/8.webp]
[dappersa.co.za/assets/img/blog/s1.webp]
[dappersa.co.za/assets/img/blog/s2.webp]
[dappersa.co.za/assets/img/blog/s3.webp]
[dappersa.co.za/assets/img/blog/s4.webp]
[dappersa.co.za/blog-left-sidebar.html]
[dappersa.co.za/blog-right-sidebar.html]
[dappersa.co.za/assets/img/blog/details1.webp]
[dappersa.co.za/assets/img/icons/quote2.webp]
[dappersa.co.za/assets/img/blog/details2.webp]
[dappersa.co.za/assets/img/blog/author1.webp]
[dappersa.co.za/assets/img/blog/author2.webp]
[dappersa.co.za/assets/img/blog/author3.webp]
[dappersa.co.za/blog-details-no-sidebar.html]
[dappersa.co.za/blog-details-left-sidebar.html]
[dappersa.co.za/blog-details.html]
[dappersa.co.za/assets/fonts/fontawesome-webfont3e6e.svg]
[dappersa.co.za/assets/fonts/Pe-icon-7-strokebb1d.svg]
[dappersa.co.za/_assets/img/slider/redDrapper_crop.html]
